Archive member included to satisfy reference by file (symbol)

build/cooja/mtype398.a(simEnvChange.o)
                              build/cooja/mtype398.o (simDontFallAsleep)
build/cooja/mtype398.a(cooja_mt.o)
                              build/cooja/mtype398.o (cooja_mt_start)
build/cooja/mtype398.a(cooja_mtarch.o)
                              build/cooja/mtype398.a(cooja_mt.o) (cooja_mtarch_start)
build/cooja/mtype398.a(rtimer-arch.o)
                              build/cooja/mtype398.o (rtimer_arch_check)
build/cooja/mtype398.a(beep.o)
                              build/cooja/mtype398.o (beep_interface)
build/cooja/mtype398.a(leds-arch.o)
                              build/cooja/mtype398.o (leds_interface)
build/cooja/mtype398.a(moteid.o)
                              build/cooja/mtype398.o (moteid_interface)
build/cooja/mtype398.a(pir-sensor.o)
                              build/cooja/mtype398.o (pir_interface)
build/cooja/mtype398.a(rs232.o)
                              build/cooja/mtype398.o (rs232_interface)
build/cooja/mtype398.a(vib-sensor.o)
                              build/cooja/mtype398.o (vib_interface)
build/cooja/mtype398.a(clock.o)
                              build/cooja/mtype398.o (clock_interface)
build/cooja/mtype398.a(cooja-log.o)
                              build/cooja/mtype398.o (simlog_interface)
build/cooja/mtype398.a(cfs-cooja.o)
                              build/cooja/mtype398.o (cfs_interface)
build/cooja/mtype398.a(cooja-radio.o)
                              build/cooja/mtype398.o (radio_interface)
build/cooja/mtype398.a(eeprom.o)
                              build/cooja/mtype398.o (eeprom_interface)
build/cooja/mtype398.a(random.o)
                              build/cooja/mtype398.a(moteid.o) (random_init)
build/cooja/mtype398.a(sensors.o)
                              build/cooja/mtype398.a(pir-sensor.o) (sensors_changed)
build/cooja/mtype398.a(leds.o)
                              device.o (leds_set)
build/cooja/mtype398.a(gpio-hal-arch.o)
                              build/cooja/mtype398.a(leds-arch.o) (gpio_hal_arch_register_pin_callback)
build/cooja/mtype398.a(buttons.o)
                              build/cooja/mtype398.o (button_interface)
build/cooja/mtype398.a(roller.o)
                              device.o (roller)
build/cooja/mtype398.a(brightness.o)
                              device.o (brightness)
build/cooja/mtype398.a(coap-blocking-a)
                              device.o (coap_blocking_request)
build/cooja/mtype398.a(coap-engine.o)
                              device.o (coap_activate_resource)
build/cooja/mtype398.a(coap-res-well-k)
                              build/cooja/mtype398.a(coap-engine.o) (res_well_known_core)
build/cooja/mtype398.a(coap-observe.o)
                              build/cooja/mtype398.a(coap-engine.o) (coap_remove_observer_by_mid)
build/cooja/mtype398.a(coap-uip.o)
                              build/cooja/mtype398.a(coap-observe.o) (coap_endpoint_copy)
build/cooja/mtype398.a(coap-timer.o)
                              build/cooja/mtype398.a(coap-engine.o) (coap_timer_set)
build/cooja/mtype398.a(coap-transactio)
                              build/cooja/mtype398.a(coap-blocking-a) (coap_send_transaction)
build/cooja/mtype398.a(coap.o)
                              build/cooja/mtype398.a(coap-engine.o) (coap_status_code)
build/cooja/mtype398.a(contiki-main.o)
                              build/cooja/mtype398.o (main)
build/cooja/mtype398.a(autostart.o)
                              build/cooja/mtype398.a(contiki-main.o) (autostart_start)
build/cooja/mtype398.a(ctimer.o)
                              build/cooja/mtype398.a(contiki-main.o) (ctimer_init)
build/cooja/mtype398.a(log.o)
                              build/cooja/mtype398.a(contiki-main.o) (curr_log_level_main)
build/cooja/mtype398.a(energest.o)
                              build/cooja/mtype398.a(contiki-main.o) (energest_init)
build/cooja/mtype398.a(etimer.o)
                              build/cooja/mtype398.a(contiki-main.o) (etimer_process)
build/cooja/mtype398.a(node-id.o)
                              build/cooja/mtype398.a(contiki-main.o) (node_id)
build/cooja/mtype398.a(rtimer.o)
                              build/cooja/mtype398.a(contiki-main.o) (rtimer_init)
build/cooja/mtype398.a(process.o)
                              build/cooja/mtype398.a(coap-blocking-a) (process_current)
build/cooja/mtype398.a(timer.o)
                              build/cooja/mtype398.a(etimer.o) (timer_set)
build/cooja/mtype398.a(list.o)
                              build/cooja/mtype398.a(coap-engine.o) (list_init)
build/cooja/mtype398.a(memb.o)
                              build/cooja/mtype398.a(coap-observe.o) (memb_alloc)
build/cooja/mtype398.a(button-hal.o)
                              build/cooja/mtype398.o (button_hal_init)
build/cooja/mtype398.a(serial-line.o)
                              build/cooja/mtype398.a(rs232.o) (serial_line_input_byte)
[...]
Memory Configuration

Name             Origin             Length             Attributes
*default*        0x0000000000000000 0xffffffffffffffff

Linker script and memory map

LOAD /usr/lib/gcc/i686-linux-gnu/5/../../../i386-linux-gnu/crti.o
LOAD /usr/lib/gcc/i686-linux-gnu/5/crtbeginS.o
LOAD device.o
LOAD build/cooja/mtype398.o
LOAD build/cooja/mtype398.a
LOAD /usr/lib/gcc/i686-linux-gnu/5/libgcc.a
LOAD /usr/lib/gcc/i686-linux-gnu/5/libgcc_s.so
LOAD /usr/lib/gcc/i686-linux-gnu/5/../../../i386-linux-gnu/libc.so
START GROUP
LOAD /lib/i386-linux-gnu/libc.so.6
LOAD /usr/lib/i386-linux-gnu/libc_nonshared.a
LOAD /lib/i386-linux-gnu/ld-linux.so.2
END GROUP
LOAD /usr/lib/gcc/i686-linux-gnu/5/libgcc.a
LOAD /usr/lib/gcc/i686-linux-gnu/5/libgcc_s.so
LOAD /usr/lib/gcc/i686-linux-gnu/5/crtendS.o
LOAD /usr/lib/gcc/i686-linux-gnu/5/../../../i386-linux-gnu/crtn.o
                0x0000000000000114                . = (0x0 + SIZEOF_HEADERS)

.note.gnu.build-id
                0x0000000000000114       0x24
 *(.note.gnu.build-id)
 .note.gnu.build-id
                0x0000000000000114       0x24 /usr/lib/gcc/i686-linux-gnu/5/../../../i386-linux-gnu/crti.o

.hash
 *(.hash)

.gnu.hash       0x0000000000000138     0x159c
 *(.gnu.hash)
 .gnu.hash      0x0000000000000138     0x159c /usr/lib/gcc/i686-linux-gnu/5/../../../i386-linux-gnu/crti.o

.dynsym         0x00000000000016d4     0x2ef0
 *(.dynsym)
 .dynsym        0x00000000000016d4     0x2ef0 /usr/lib/gcc/i686-linux-gnu/5/../../../i386-linux-gnu/crti.o

.dynstr         0x00000000000045c4     0x369f
 *(.dynstr)
 .dynstr        0x00000000000045c4     0x369f /usr/lib/gcc/i686-linux-gnu/5/../../../i386-linux-gnu/crti.o

.gnu.version    0x0000000000007c64      0x5de
 *(.gnu.version)
 .gnu.version   0x0000000000007c64      0x5de /usr/lib/gcc/i686-linux-gnu/5/../../../i386-linux-gnu/crti.o

.gnu.version_d  0x0000000000008244        0x0
 *(.gnu.version_d)
 .gnu.version_d
                0x0000000000008244        0x0 /usr/lib/gcc/i686-linux-gnu/5/../../../i386-linux-gnu/crti.o

.gnu.version_r  0x0000000000008244       0x40
 *(.gnu.version_r)
 .gnu.version_r
                0x0000000000008244       0x40 /usr/lib/gcc/i686-linux-gnu/5/../../../i386-linux-gnu/crti.o

.rel.dyn        0x0000000000008284     0x9390
 *(.rel.init)
 .rel.init      0x0000000000008284        0x0 /usr/lib/gcc/i686-linux-gnu/5/../../../i386-linux-gnu/crti.o
 *(.rel.text .rel.text.* .rel.gnu.linkonce.t.*)
 .rel.text      0x0000000000008284     0x89c0 /usr/lib/gcc/i686-linux-gnu/5/../../../i386-linux-gnu/crti.o
 *(.rel.fini)
 .rel.fini      0x0000000000010c44        0x0 /usr/lib/gcc/i686-linux-gnu/5/../../../i386-linux-gnu/crti.o
 *(.rel.rodata .rel.rodata.* .rel.gnu.linkonce.r.*)
 .rel.rodata    0x0000000000010c44      0x588 /usr/lib/gcc/i686-linux-gnu/5/../../../i386-linux-gnu/crti.o
 *(.rel.data.rel.ro .rel.data.rel.ro.* .rel.gnu.linkonce.d.rel.ro.*)
 *(.rel.data .rel.data.* .rel.gnu.linkonce.d.*)
 .rel.data.rel.local
                0x00000000000111cc        0x8 /usr/lib/gcc/i686-linux-gnu/5/../../../i386-linux-gnu/crti.o
 .rel.data      0x00000000000111d4      0x408 /usr/lib/gcc/i686-linux-gnu/5/../../../i386-linux-gnu/crti.o
 *(.rel.tdata .rel.tdata.* .rel.gnu.linkonce.td.*)
 *(.rel.tbss .rel.tbss.* .rel.gnu.linkonce.tb.*)
 *(.rel.ctors)
 *(.rel.dtors)
 *(.rel.got)
 .rel.got       0x00000000000115dc       0x28 /usr/lib/gcc/i686-linux-gnu/5/../../../i386-linux-gnu/crti.o
 *(.rel.bss .rel.bss.* .rel.gnu.linkonce.b.*)
 *(.rel.ifunc)
 .rel.ifunc     0x0000000000011604        0x0 /usr/lib/gcc/i686-linux-gnu/5/../../../i386-linux-gnu/crti.o
 .rel.fini_array
                0x0000000000011604        0x8 /usr/lib/gcc/i686-linux-gnu/5/../../../i386-linux-gnu/crti.o
 .rel.init_array
                0x000000000001160c        0x8 /usr/lib/gcc/i686-linux-gnu/5/../../../i386-linux-gnu/crti.o

.rel.plt        0x0000000000011614        0x0
 *(.rel.plt)
 .rel.plt       0x0000000000011614        0x0 /usr/lib/gcc/i686-linux-gnu/5/../../../i386-linux-gnu/crti.o
 *(.rel.iplt)

.init           0x0000000000011614       0x23
 *(SORT(.init))
 .init          0x0000000000011614       0x1e /usr/lib/gcc/i686-linux-gnu/5/../../../i386-linux-gnu/crti.o
                0x0000000000011614                _init
 .init          0x0000000000011632        0x5 /usr/lib/gcc/i686-linux-gnu/5/../../../i386-linux-gnu/crtn.o

.plt            0x0000000000011640       0x10
 *(.plt)
 .plt           0x0000000000011640       0x10 /usr/lib/gcc/i686-linux-gnu/5/../../../i386-linux-gnu/crti.o
 *(.iplt)

.plt.got        0x0000000000011650       0x10
 *(.plt.got)
 .plt.got       0x0000000000011650       0x10 /usr/lib/gcc/i686-linux-gnu/5/../../../i386-linux-gnu/crti.o

.text           0x0000000000011660    0x189a2
 *(.text.unlikely .text.*_unlikely .text.unlikely.*)
 .text.unlikely
                0x0000000000011660        0x0 /usr/lib/gcc/i686-linux-gnu/5/crtbeginS.o
 .text.unlikely
                0x0000000000011660        0x0 /usr/lib/gcc/i686-linux-gnu/5/libgcc.a(_udivdi3.o)
 *(.text.exit .text.exit.*)
 *(.text.startup .text.startup.*)
 *(.text.hot .text.hot.*)
 *(.text .stub .text.* .gnu.linkonce.t.*)
 .text          0x0000000000011660        0x0 /usr/lib/gcc/i686-linux-gnu/5/../../../i386-linux-gnu/crti.o
 .gnu.linkonce.t.__x86.get_pc_thunk.bx
                0x0000000000011660        0x4 /usr/lib/gcc/i686-linux-gnu/5/../../../i386-linux-gnu/crti.o
                0x0000000000011660                __x86.get_pc_thunk.bx
 *fill*         0x0000000000011664        0xc 
 .text          0x0000000000011670      0x11c /usr/lib/gcc/i686-linux-gnu/5/crtbeginS.o
 .text.__x86.get_pc_thunk.dx
                0x000000000001178c        0x4 /usr/lib/gcc/i686-linux-gnu/5/crtbeginS.o
                0x000000000001178c                __x86.get_pc_thunk.dx
 .text          0x0000000000011790      0x2b8 device.o
                0x0000000000011790                client_chunk_handler
 .text          0x0000000000011a48      0x283 build/cooja/mtype398.o
                0x0000000000011ada                platform_init_stage_one
                0x0000000000011aed                platform_init_stage_two
                0x0000000000011b00                platform_init_stage_three
                0x0000000000011b13                platform_main_loop
                0x0000000000011b86                Java_org_contikios_cooja_corecomm_Lib4_init
                0x0000000000011bbd                Java_org_contikios_cooja_corecomm_Lib4_getMemory
                0x0000000000011bf0                Java_org_contikios_cooja_corecomm_Lib4_setMemory
                0x0000000000011c50                Java_org_contikios_cooja_corecomm_Lib4_tick
                0x0000000000011cb8                Java_org_contikios_cooja_corecomm_Lib4_setReferenceAddress
 .text          0x0000000000011ccb       0x65 build/cooja/mtype398.a(simEnvChange.o)
                0x0000000000011ccb                doActionsBeforeTick
                0x0000000000011cfd                doActionsAfterTick
 .text          0x0000000000011d30       0x83 build/cooja/mtype398.a(cooja_mt.o)
                0x0000000000011d30                cooja_mt_start
                0x0000000000011d5a                cooja_mt_exec
                0x0000000000011d90                cooja_mt_yield
 .text          0x0000000000011db3       0xbe build/cooja/mtype398.a(cooja_mtarch.o)
                0x0000000000011db3                cooja_mtarch_start
                0x0000000000011e26                cooja_sw
                0x0000000000011e49                cooja_mtarch_exec
                0x0000000000011e66                cooja_mtarch_yield
 .text          0x0000000000011e71       0xc5 build/cooja/mtype398.a(rtimer-arch.o)
                0x0000000000011e71                rtimer_arch_init
                0x0000000000011e95                rtimer_arch_schedule
                0x0000000000011ec5                rtimer_arch_next
                0x0000000000011ed5                rtimer_arch_pending
                0x0000000000011edf                rtimer_arch_check
                0x0000000000011f26                rtimer_arch_now
 .text          0x0000000000011f36       0x81 build/cooja/mtype398.a(beep.o)
                0x0000000000011f36                beep_alarm
                0x0000000000011f43                beep_beep
                0x0000000000011f50                beep
                0x0000000000011f5d                beep_down
                0x0000000000011f6a                beep_on
                0x0000000000011f77                beep_off
                0x0000000000011f84                beep_spinup
                0x0000000000011f91                beep_quick
                0x0000000000011f9e                beep_long
 .text          0x0000000000011fb7       0x65 build/cooja/mtype398.a(leds-arch.o)
                0x0000000000011fca                leds_arch_init
 .text          0x000000000001201c       0x35 build/cooja/mtype398.a(moteid.o)
 .text          0x0000000000012051       0xb7 build/cooja/mtype398.a(pir-sensor.o)
 .text          0x0000000000012108      0x148 build/cooja/mtype398.a(rs232.o)
                0x0000000000012108                rs232_init
                0x000000000001210e                rs232_set_speed
                0x000000000001211d                rs232_set_input
                0x000000000001212b                rs232_send
                0x000000000001214f                rs232_print
                0x000000000001216b                slip_arch_writeb
 .text          0x0000000000012250       0xb7 build/cooja/mtype398.a(vib-sensor.o)
 .text          0x0000000000012307       0x38 build/cooja/mtype398.a(clock.o)
                0x0000000000012307                clock_init
                0x000000000001230d                clock_time
                0x0000000000012317                clock_seconds
                0x000000000001232d                clock_delay
 .text          0x000000000001233f      0x219 build/cooja/mtype398.a(cooja-log.o)
                0x000000000001233f                simlog_char
                0x0000000000012382                simlog
                0x00000000000123f8                log_message
                0x0000000000012429                log_set_putchar_with_slip
                0x0000000000012437                log_putchar
                0x00000000000124b2                log_puts
                0x00000000000124da                log_printf
 .text          0x0000000000012558      0x2b9 build/cooja/mtype398.a(cfs-cooja.o)
                0x0000000000012558                cfs_open
                0x00000000000125c1                cfs_close
                0x00000000000125ce                cfs_read
                0x0000000000012663                cfs_write
                0x000000000001273f                cfs_seek
                0x00000000000127c7                cfs_remove
                0x00000000000127eb                cfs_opendir
                0x00000000000127f5                cfs_readdir
                0x00000000000127ff                cfs_closedir
 .text          0x0000000000012811      0x620 build/cooja/mtype398.a(cooja-radio.o)
                0x0000000000012853                radio_set_channel
                0x0000000000012861                radio_set_txpower
                0x0000000000012879                radio_signal_strength_last
                0x0000000000012883                radio_signal_strength_current
                0x000000000001288d                radio_LQI
 .text          0x0000000000012e31       0xee build/cooja/mtype398.a(eeprom.o)
                0x0000000000012e31                eeprom_init
                0x0000000000012e37                eeprom_read
                0x0000000000012ea5                eeprom_write
 .text          0x0000000000012f1f       0x2d build/cooja/mtype398.a(random.o)
                0x0000000000012f1f                random_init
                0x0000000000012f3f                random_rand
 .text          0x0000000000012f4c      0x29c build/cooja/mtype398.a(sensors.o)
                0x0000000000012f87                sensors_first
                0x0000000000012f91                sensors_next
                0x0000000000012fab                sensors_changed
                0x0000000000012fdf                sensors_find
 .text          0x00000000000131e8      0x349 build/cooja/mtype398.a(leds.o)
                0x00000000000131e8                leds_init
                0x000000000001322f                leds_single_on
                0x000000000001328e                leds_single_off
                0x00000000000132ed                leds_single_toggle
                0x000000000001331f                leds_on
                0x00000000000133a1                leds_off
                0x0000000000013423                leds_toggle
                0x0000000000013478                leds_set
                0x00000000000134a4                leds_get
 .text          0x0000000000013531      0x343 build/cooja/mtype398.a(gpio-hal-arch.o)
                0x0000000000013531                gpio_hal_arch_register_pin_callback
                0x000000000001359d                gpio_hal_arch_init
                0x00000000000135e2                gpio_hal_arch_no_port_interrupt_enable
                0x0000000000013612                gpio_hal_arch_no_port_interrupt_disable
                0x0000000000013642                gpio_hal_arch_no_port_pin_cfg_set
                0x0000000000013667                gpio_hal_arch_no_port_pin_cfg_get
                0x000000000001368d                gpio_hal_arch_no_port_pin_set_input
                0x000000000001369f                gpio_hal_arch_no_port_pin_set_output
                0x00000000000136b1                gpio_hal_arch_no_port_set_pin
                0x00000000000136d2                gpio_hal_arch_no_port_clear_pin
                0x00000000000136f3                gpio_hal_arch_no_port_read_pin
                0x0000000000013719                gpio_hal_arch_no_port_write_pin
                0x0000000000013743                gpio_hal_arch_no_port_set_pins
                0x000000000001378a                gpio_hal_arch_no_port_clear_pins
                0x00000000000137d1                gpio_hal_arch_no_port_read_pins
                0x0000000000013814                gpio_hal_arch_no_port_write_pins
 .text          0x0000000000013874       0x89 build/cooja/mtype398.a(buttons.o)
 .text          0x00000000000138fd      0x38f build/cooja/mtype398.a(roller.o)
 .text          0x0000000000013c8c      0x29b build/cooja/mtype398.a(brightness.o)
                0x0000000000013c8c                generate_random_brightness
 .text          0x0000000000013f27      0x27b build/cooja/mtype398.a(coap-blocking-a)
                0x0000000000013f27                coap_blocking_request_callback
                0x0000000000013f51                coap_blocking_request
 .text          0x00000000000141a2      0xbea build/cooja/mtype398.a(coap-engine.o)
                0x0000000000014237                coap_add_handler
                0x0000000000014254                coap_remove_handler
                0x0000000000014271                coap_call_handlers
                0x0000000000014379                coap_receive
                0x0000000000014974                coap_engine_init
                0x00000000000149d2                coap_activate_resource
                0x0000000000014a7d                coap_get_first_resource
                0x0000000000014a96                coap_get_next_resource
 .text          0x0000000000014d8c      0x2d9 build/cooja/mtype398.a(coap-res-well-k)
 .text          0x0000000000015065      0x96a build/cooja/mtype398.a(coap-observe.o)
                0x000000000001517a                coap_remove_observer
                0x00000000000151aa                coap_remove_observer_by_client
                0x0000000000015212                coap_remove_observer_by_token
                0x00000000000152a5                coap_remove_observer_by_uri
                0x000000000001534c                coap_remove_observer_by_mid
                0x00000000000153c8                coap_notify_observers
                0x00000000000153e1                coap_notify_observers_sub
                0x000000000001584b                coap_observe_handler
                0x0000000000015966                coap_has_observers
 .text          0x00000000000159cf      0x733 build/cooja/mtype398.a(coap-uip.o)
                0x00000000000159cf                coap_endpoint_log
                0x0000000000015a55                coap_endpoint_print
                0x0000000000015adb                coap_endpoint_snprint
                0x0000000000015c0e                coap_endpoint_copy
                0x0000000000015c4b                coap_endpoint_cmp
                0x0000000000015d59                coap_endpoint_parse
                0x0000000000015f44                coap_endpoint_is_secure
                0x0000000000015f53                coap_endpoint_is_connected
                0x0000000000015f87                coap_endpoint_connect
                0x0000000000015fa3                coap_endpoint_disconnect
                0x0000000000015fa9                coap_databuf
                0x0000000000015fb3                coap_transport_init
                0x0000000000016003                coap_sendto
 .text          0x0000000000016102      0x324 build/cooja/mtype398.a(coap-timer.o)
                0x00000000000161ff                coap_timer_stop
                0x000000000001622a                coap_timer_set
                0x000000000001626d                coap_timer_reset
                0x00000000000162b0                coap_timer_time_to_next_expiration
                0x000000000001631c                coap_timer_run
                0x00000000000163e8                coap_timer_init
 .text          0x0000000000016426      0x2c6 build/cooja/mtype398.a(coap-transactio)
                0x000000000001648c                coap_new_transaction
                0x00000000000164f2                coap_send_transaction
                0x0000000000016653                coap_clear_transaction
                0x000000000001669b                coap_get_transaction_by_mid
 .text          0x00000000000166ec     0x1c53 build/cooja/mtype398.a(coap.o)
                0x0000000000016c59                coap_init_connection
                0x0000000000016c6d                coap_get_mid
                0x0000000000016c89                coap_init_message
                0x0000000000016cd2                coap_serialize_message
                0x0000000000017354                coap_parse_message
                0x00000000000179bb                coap_get_query_variable
                0x00000000000179fd                coap_get_post_variable
                0x0000000000017a41                coap_set_status_code
                0x0000000000017a66                coap_set_token
                0x0000000000017aad                coap_get_header_content_format
                0x0000000000017ade                coap_set_header_content_format
                0x0000000000017b01                coap_get_header_accept
                0x0000000000017b32                coap_set_header_accept
                0x0000000000017b55                coap_get_header_max_age
                0x0000000000017b86                coap_set_header_max_age
                0x0000000000017ba6                coap_get_header_etag
                0x0000000000017bd8                coap_set_header_etag
                0x0000000000017c2f                coap_get_header_if_match
                0x0000000000017c61                coap_set_header_if_match
                0x0000000000017cb8                coap_get_header_if_none_match
                0x0000000000017cd2                coap_set_header_if_none_match
                0x0000000000017ce9                coap_get_header_proxy_uri
                0x0000000000017d17                coap_set_header_proxy_uri
                0x0000000000017d54                coap_get_header_uri_host
                0x0000000000017d82                coap_set_header_uri_host
                0x0000000000017dbf                coap_get_header_uri_path
                0x0000000000017ded                coap_set_header_uri_path
                0x0000000000017e3a                coap_get_header_uri_query
                0x0000000000017e6e                coap_set_header_uri_query
                0x0000000000017ec4                coap_get_header_location_path
                0x0000000000017ef2                coap_set_header_location_path
                0x0000000000017f8b                coap_get_header_location_query
                0x0000000000017fb9                coap_set_header_location_query
                0x0000000000018006                coap_get_header_observe
                0x0000000000018035                coap_set_header_observe
                0x0000000000018055                coap_get_header_block2
                0x00000000000180c1                coap_set_header_block2
                0x0000000000018138                coap_get_header_block1
                0x00000000000181ad                coap_set_header_block1
                0x0000000000018228                coap_get_header_size2
                0x0000000000018258                coap_set_header_size2
                0x000000000001827b                coap_get_header_size1
                0x00000000000182ab                coap_set_header_size1
                0x00000000000182ce                coap_get_payload
                0x0000000000018308                coap_set_payload
 .text          0x000000000001833f      0x332 build/cooja/mtype398.a(contiki-main.o)
                0x000000000001833f                main
 .text          0x0000000000018671       0x92 build/cooja/mtype398.a(autostart.o)
                0x0000000000018671                autostart_start
                0x00000000000186bb                autostart_exit
 .text          0x0000000000018703      0x355 build/cooja/mtype398.a(ctimer.o)
                0x000000000001882b                ctimer_init
                0x000000000001885e                ctimer_set
                0x0000000000018884                ctimer_set_with_process
                0x0000000000018901                ctimer_reset
                0x0000000000018955                ctimer_restart
                0x00000000000189a9                ctimer_stop
                0x00000000000189f9                ctimer_expired
 .text          0x0000000000018a58      0x394 build/cooja/mtype398.a(log.o)
                0x0000000000018a58                log_6addr
                0x0000000000018aab                log_6addr_compact_snprint
                0x0000000000018b49                log_6addr_compact
                0x0000000000018b9c                log_lladdr
                0x0000000000018c0e                log_lladdr_compact
                0x0000000000018c76                log_set_level
                0x0000000000018d31                log_get_level
                0x0000000000018daa                log_level_to_str
 .text          0x0000000000018dec       0x1b build/cooja/mtype398.a(energest.o)
                0x0000000000018dec                energest_init
                0x0000000000018df2                energest_flush
                0x0000000000018df8                energest_get_total_time
 .text          0x0000000000018e07      0x43f build/cooja/mtype398.a(etimer.o)
                0x000000000001902b                etimer_request_poll
                0x00000000000190b4                etimer_set
                0x00000000000190dd                etimer_reset_with_new_interval
                0x000000000001910c                etimer_reset
                0x0000000000019132                etimer_restart
                0x0000000000019158                etimer_adjust
                0x0000000000019175                etimer_expired
                0x0000000000019188                etimer_expiration_time
                0x000000000001919a                etimer_start_time
                0x00000000000191a4                etimer_pending
                0x00000000000191b6                etimer_next_expiration_time
                0x00000000000191d0                etimer_stop
 .text          0x0000000000019246       0x25 build/cooja/mtype398.a(node-id.o)
                0x0000000000019246                node_id_init
 .text          0x000000000001926b       0xeb build/cooja/mtype398.a(rtimer.o)
                0x000000000001926b                rtimer_init
                0x0000000000019279                rtimer_set
                0x00000000000192f4                rtimer_run_next
 .text          0x0000000000019356      0x4fb build/cooja/mtype398.a(process.o)
                0x0000000000019356                process_alloc_event
                0x000000000001936b                process_start
                0x0000000000019545                process_exit
                0x0000000000019562                process_init
                0x00000000000196f7                process_run
                0x000000000001972a                process_nevents
                0x0000000000019745                process_post
                0x00000000000197d8                process_post_synch
                0x000000000001980d                process_poll
                0x000000000001983d                process_is_running
 .text          0x0000000000019851       0xb1 build/cooja/mtype398.a(timer.o)
                0x0000000000019851                timer_set
                0x000000000001986f                timer_reset
                0x000000000001989c                timer_restart
                0x00000000000198b1                timer_expired
                0x00000000000198de                timer_remaining
 .text          0x0000000000019902      0x28f build/cooja/mtype398.a(list.o)
                0x0000000000019902                list_init
                0x0000000000019911                list_head
                0x000000000001991b                list_copy
                0x000000000001992b                list_tail
                0x0000000000019961                list_add
                0x00000000000199ad                list_push
                0x00000000000199d9                list_chop
                0x0000000000019a43                list_pop
                0x0000000000019a6b                list_remove
                0x0000000000019ad3                list_length
                0x0000000000019b01                list_insert
                0x0000000000019b46                list_item_next
                0x0000000000019b5d                list_contains
 .text          0x0000000000019b91      0x1b5 build/cooja/mtype398.a(memb.o)
                0x0000000000019b91                memb_init
                0x0000000000019be6                memb_alloc
                0x0000000000019c49                memb_free
                0x0000000000019cc0                memb_inmemb
                0x0000000000019cff                memb_numfree
 .text          0x0000000000019d46      0x41c build/cooja/mtype398.a(button-hal.o)
                0x0000000000019ebf                button_hal_get_by_id
                0x0000000000019efd                button_hal_get_by_index
                0x0000000000019f29                button_hal_get_state
                0x0000000000019f7b                button_hal_init
 .text          0x000000000001a162      0x1f3 build/cooja/mtype398.a(serial-line.o)
                0x000000000001a162                serial_line_input_byte
                0x000000000001a320                serial_line_init
 .text          0x000000000001a355      0x168 build/cooja/mtype398.a(gpio-hal.o)
                0x000000000001a355                gpio_hal_register_handler
                0x000000000001a372                gpio_hal_event_handler
                0x000000000001a3ce                gpio_hal_init
                0x000000000001a3ed                gpio_hal_arch_port_toggle_pin
                0x000000000001a429                gpio_hal_arch_port_toggle_pins
                0x000000000001a457                gpio_hal_arch_no_port_toggle_pin
                0x000000000001a495                gpio_hal_arch_no_port_toggle_pins
 .text          0x000000000001a4bd      0x2e7 build/cooja/mtype398.a(queuebuf.o)
                0x000000000001a4c7                queuebuf_init
                0x000000000001a4f0                queuebuf_numfree
                0x000000000001a508                queuebuf_new_from_packetbuf
                0x000000000001a5a7                queuebuf_update_attr_from_packetbuf
                0x000000000001a5dc                queuebuf_update_from_packetbuf
                0x000000000001a62c                queuebuf_free
                0x000000000001a675                queuebuf_to_packetbuf
                0x000000000001a6e1                queuebuf_dataptr
                0x000000000001a71b                queuebuf_datalen
                0x000000000001a73e                queuebuf_addr
                0x000000000001a773                queuebuf_attr
                0x000000000001a79e                queuebuf_debug_print
 .text          0x000000000001a7a4      0x407 build/cooja/mtype398.a(packetbuf.o)
                0x000000000001a7a4                packetbuf_clear
                0x000000000001a7cf                packetbuf_copyfrom
                0x000000000001a81e                packetbuf_copyto
                0x000000000001a8b1                packetbuf_hdralloc
                0x000000000001a92d                packetbuf_hdrreduce
                0x000000000001a973                packetbuf_set_datalen
                0x000000000001a98d                packetbuf_dataptr
                0x000000000001a9aa                packetbuf_hdrptr
                0x000000000001a9b4                packetbuf_datalen
                0x000000000001a9c0                packetbuf_hdrlen
                0x000000000001a9d7                packetbuf_totlen
                0x000000000001a9ed                packetbuf_remaininglen
                0x000000000001aa00                packetbuf_attr_clear
                0x000000000001aa4c                packetbuf_attr_copyto
                0x000000000001aaa4                packetbuf_attr_copyfrom
                0x000000000001aafc                packetbuf_set_attr
                0x000000000001ab26                packetbuf_attr
                0x000000000001ab40                packetbuf_set_addr
                0x000000000001ab71                packetbuf_addr
                0x000000000001ab8e                packetbuf_holds_broadcast
 .text          0x000000000001abab       0xef build/cooja/mtype398.a(netstack.o)
                0x000000000001abab                netstack_process_ip_callback
                0x000000000001ac3c                netstack_ip_packet_processor_add
                0x000000000001ac5f                uip_ds6_ip_packet_processor_rm
                0x000000000001ac7c                netstack_init
 .text          0x000000000001ac9a       0x4f build/cooja/mtype398.a(linkaddr.o)
                0x000000000001ac9a                linkaddr_copy
                0x000000000001acb0                linkaddr_cmp
                0x000000000001acd3                linkaddr_set_node_addr
 .text          0x000000000001ace9      0x1f6 build/cooja/mtype398.a(csma.o)
 .text          0x000000000001aedf      0x95d build/cooja/mtype398.a(csma-output.o)
                0x000000000001b576                csma_output_packet
                0x000000000001b803                csma_output_init
 .text          0x000000000001b83c      0xc11 build/cooja/mtype398.a(uip-ds6.o)
                0x000000000001b83c                uip_ds6_default_prefix
                0x000000000001b846                uip_ds6_set_default_prefix
                0x000000000001b871                uip_ds6_init
                0x000000000001bad3                uip_ds6_periodic
                0x000000000001bb5a                uip_ds6_list_loop
                0x000000000001bc1a                uip_ds6_prefix_add
                0x000000000001bcc6                uip_ds6_prefix_rm
                0x000000000001bcd9                uip_ds6_prefix_lookup
                0x000000000001bd18                uip_ds6_is_addr_onlink
                0x000000000001bd8b                uip_ds6_addr_add
                0x000000000001beab                uip_ds6_addr_rm
                0x000000000001bf54                uip_ds6_addr_lookup
                0x000000000001bf8d                uip_ds6_get_link_local
                0x000000000001c00e                uip_ds6_get_global
                0x000000000001c08f                uip_ds6_maddr_add
                0x000000000001c0ef                uip_ds6_maddr_rm
                0x000000000001c102                uip_ds6_maddr_lookup
                0x000000000001c13b                uip_ds6_aaddr_add
                0x000000000001c19b                uip_ds6_aaddr_rm
                0x000000000001c1ae                uip_ds6_aaddr_lookup
                0x000000000001c1e7                uip_ds6_select_src
                0x000000000001c330                uip_ds6_set_addr_iid
                0x000000000001c35b                uip_ds6_set_lladdr_from_iid
                0x000000000001c384                get_match_length
                0x000000000001c415                uip_ds6_compute_reachable_time
 .text          0x000000000001c44d      0x128 build/cooja/mtype398.a(uip-udp-packet.)
                0x000000000001c44d                uip_udp_packet_send
                0x000000000001c4a8                uip_udp_packet_sendto
 .text          0x000000000001c575      0x35b build/cooja/mtype398.a(uip-ds6-route.o)
                0x000000000001c5c6                uip_ds6_route_init
                0x000000000001c5f0                uip_ds6_route_nexthop
                0x000000000001c5fa                uip_ds6_route_head
                0x000000000001c604                uip_ds6_route_next
                0x000000000001c60e                uip_ds6_route_is_nexthop
                0x000000000001c618                uip_ds6_route_num_routes
                0x000000000001c622                uip_ds6_route_lookup
                0x000000000001c62c                uip_ds6_route_add
                0x000000000001c63f                uip_ds6_route_rm
                0x000000000001c645                uip_ds6_route_rm_by_nexthop
                0x000000000001c64b                uip_ds6_defrt_head
                0x000000000001c664                uip_ds6_defrt_add
                0x000000000001c712                uip_ds6_defrt_rm
                0x000000000001c778                uip_ds6_defrt_lookup
                0x000000000001c7df                uip_ds6_defrt_choose
                0x000000000001c855                uip_ds6_defrt_periodic
 .text          0x000000000001c8d0      0x6f7 build/cooja/mtype398.a(tcpip.o)
                0x000000000001c8ea                tcpip_output
                0x000000000001c969                udp_attach
                0x000000000001c981                udp_new
                0x000000000001c9cb                udp_broadcast_new
                0x000000000001cb3d                tcpip_input
                0x000000000001cccd                tcpip_ipv6_output
                0x000000000001cec1                tcpip_poll_udp
                0x000000000001cedf                tcpip_uipcall
 .text          0x000000000001cfc7     0x1205 build/cooja/mtype398.a(uip6.o)
                0x000000000001d076                uip_chksum
                0x000000000001d14d                uip_icmp6chksum
                0x000000000001d162                uip_udpchksum
                0x000000000001d177                uip_init
                0x000000000001d1c0                uip_remove_ext_hdr
                0x000000000001d29a                uip_udp_new
                0x000000000001d5ae                uip_process
                0x000000000001e0a6                uip_htons
                0x000000000001e0c8                uip_htonl
                0x000000000001e106                uip_send
 .text          0x000000000001e1cc      0x369 build/cooja/mtype398.a(uip-ds6-nbr.o)
                0x000000000001e1cc                uip_ds6_neighbors_init
                0x000000000001e1f0                uip_ds6_nbr_add
                0x000000000001e276                uip_ds6_nbr_rm
                0x000000000001e2c1                uip_ds6_nbr_update_ll
                0x000000000001e3af                uip_ds6_nbr_get_ipaddr
                0x000000000001e3c4                uip_ds6_nbr_get_ll
                0x000000000001e3e0                uip_ds6_nbr_num
                0x000000000001e429                uip_ds6_nbr_head
                0x000000000001e442                uip_ds6_nbr_next
                0x000000000001e45e                uip_ds6_nbr_lookup
                0x000000000001e4b6                uip_ds6_nbr_ll_lookup
                0x000000000001e4d2                uip_ds6_nbr_ipaddr_from_lladdr
                0x000000000001e4fb                uip_ds6_nbr_lladdr_from_ipaddr
                0x000000000001e52f                uip_ds6_link_callback
 .text          0x000000000001e535      0x6a7 build/cooja/mtype398.a(uip-nd6.o)
                0x000000000001ebc3                uip_nd6_init
 .text          0x000000000001ebdc     0x2c17 build/cooja/mtype398.a(sicslowpan.o)
                0x000000000001f1e3                netstack_sniffer_add
                0x000000000001f1f1                netstack_sniffer_remove
                0x00000000000217c7                sicslowpan_init
                0x00000000000217e9                sicslowpan_get_last_rssi
 .text          0x00000000000217f3      0x4d1 build/cooja/mtype398.a(uiplib.o)
                0x00000000000217f3                uiplib_ip6addrconv
                0x00000000000219ab                uiplib_ip4addrconv
                0x0000000000021a6e                uiplib_ipaddr_print
                0x0000000000021ac1                uiplib_ipaddr_snprint
 .text          0x0000000000021cc4      0x4c9 build/cooja/mtype398.a(rpl.o)
                0x0000000000021cc4                rpl_lollipop_greater_than
                0x0000000000021d1e                rpl_get_global_address
                0x0000000000021e16                rpl_link_callback
                0x0000000000021e5a                rpl_has_joined
                0x0000000000021e7f                rpl_is_reachable
                0x0000000000021f00                rpl_reset_prefix
                0x0000000000021f6a                rpl_set_prefix_from_addr
                0x000000000002204f                rpl_set_prefix
                0x0000000000022169                rpl_set_leaf_only
                0x0000000000022181                rpl_get_leaf_only
 .text          0x000000000002218d     0x138c build/cooja/mtype398.a(rpl-icmp6.o)
                0x00000000000222b2                rpl_icmp6_update_nbr_table
                0x000000000002233b                rpl_icmp6_dis_output
                0x0000000000022981                rpl_icmp6_dio_output
                0x000000000002317f                rpl_icmp6_dao_output
                0x0000000000023460                rpl_icmp6_dao_ack_output
                0x00000000000234d0                rpl_icmp6_init
 .text          0x0000000000023519      0x264 build/cooja/mtype398.a(rpl-dag-root.o)
                0x0000000000023519                rpl_dag_root_print_links
                0x0000000000023645                rpl_dag_root_set_prefix
                0x0000000000023671                rpl_dag_root_start
                0x000000000002374e                rpl_dag_root_is_root
 .text          0x000000000002377d       0x30 build/cooja/mtype398.a(watchdog.o)
                0x000000000002377d                watchdog_init
                0x0000000000023783                watchdog_start
                0x0000000000023789                watchdog_periodic
                0x00000000000237a1                watchdog_stop
                0x00000000000237a7                watchdog_reboot
 .text          0x00000000000237ad       0x4a build/cooja/mtype398.a(int-master.o)
                0x00000000000237ad                int_master_enable
                0x00000000000237bd                int_master_read_and_disable
                0x00000000000237da                int_master_status_set
                0x00000000000237e8                int_master_is_enabled
 .text          0x00000000000237f7      0x226 build/cooja/mtype398.a(coap-timer-defa)
 .text          0x0000000000023a1d       0xc7 build/cooja/mtype398.a(stimer.o)
                0x0000000000023a1d                stimer_set
                0x0000000000023a3b                stimer_reset
                0x0000000000023a68                stimer_restart
                0x0000000000023a7d                stimer_expired
                0x0000000000023aa8                stimer_remaining
                0x0000000000023acc                stimer_elapsed
 .text          0x0000000000023ae4      0x156 build/cooja/mtype398.a(ringbuf.o)
                0x0000000000023ae4                ringbuf_init
                0x0000000000023b16                ringbuf_put
                0x0000000000023b94                ringbuf_get
                0x0000000000023c01                ringbuf_size
                0x0000000000023c13                ringbuf_elements
 .text          0x0000000000023c3a       0x1f build/cooja/mtype398.a(assert.o)
                0x0000000000023c3a                _xassert
 .text          0x0000000000023c59      0x79b build/cooja/mtype398.a(nbr-table.o)
                0x00000000000240d2                nbr_table_register
                0x000000000002413f                nbr_table_is_registered
                0x000000000002417a                nbr_table_head
                0x00000000000241d5                nbr_table_next
                0x0000000000024236                nbr_table_add_lladdr
                0x0000000000024310                nbr_table_get_from_lladdr
                0x000000000002435c                nbr_table_remove
                0x0000000000024394                nbr_table_lock
                0x00000000000243ae                nbr_table_unlock
                0x00000000000243c8                nbr_table_get_lladdr
 .text          0x00000000000243f4      0x3a5 build/cooja/mtype398.a(link-stats.o)
                0x00000000000243f4                link_stats_from_lladdr
                0x0000000000024410                link_stats_get_lladdr
                0x000000000002442c                link_stats_is_fresh
                0x0000000000024468                guess_etx_from_rssi
                0x00000000000244e4                link_stats_packet_sent
                0x0000000000024604                link_stats_input_callback
                0x0000000000024714                link_stats_reset
                0x0000000000024764                link_stats_init
 .text          0x0000000000024799      0x187 build/cooja/mtype398.a(mac-sequence.o)
                0x0000000000024799                mac_sequence_is_duplicate
                0x0000000000024839                mac_sequence_register_seqno
 .text          0x0000000000024920       0x23 build/cooja/mtype398.a(mac.o)
                0x0000000000024920                mac_call_sent_callback
 .text          0x0000000000024943      0x432 build/cooja/mtype398.a(framer-802154.o)
                0x0000000000024ad2                framer_802154_setup_params
 .text          0x0000000000024d75      0xb6f build/cooja/mtype398.a(frame802154.o)
                0x0000000000024da6                frame802154_get_pan_id
                0x0000000000024db2                frame802154_set_pan_id
                0x0000000000024dcc                frame802154_has_panid
                0x0000000000024f7b                frame802154_check_dest_panid
                0x0000000000025003                frame802154_is_broadcast_addr
                0x0000000000025050                frame802154_extract_linkaddr
                0x00000000000252b5                frame802154_hdrlen
                0x0000000000025328                frame802154_create_fcf
                0x00000000000253e0                frame802154_create
                0x0000000000025555                frame802154_parse_fcf
                0x0000000000025637                frame802154_parse
 .text          0x00000000000258e4       0x2d build/cooja/mtype398.a(csma-security.o)
                0x00000000000258e4                csma_security_create_frame
                0x0000000000025902                csma_security_parse_frame
 .text          0x0000000000025911      0x4e4 build/cooja/mtype398.a(uipbuf.o)
                0x0000000000025911                uipbuf_clear
                0x0000000000025938                uipbuf_add_ext_hdr
                0x00000000000259b8                uipbuf_set_len
                0x00000000000259e5                uipbuf_set_len_field
                0x0000000000025a11                uipbuf_get_len_field
                0x0000000000025a31                uipbuf_get_next_header
                0x0000000000025b63                uipbuf_get_last_header
                0x0000000000025bdc                uipbuf_search_header
                0x0000000000025c92                uipbuf_get_attr
                0x0000000000025cb9                uipbuf_set_attr
                0x0000000000025cf0                uipbuf_set_default_attr
                0x0000000000025d27                uipbuf_clear_attr
                0x0000000000025d4b                uipbuf_set_attr_flag
                0x0000000000025d6c                uipbuf_clr_attr_flag
                0x0000000000025d93                uipbuf_is_attr_flag
                0x0000000000025db7                uipbuf_init
 .text          0x0000000000025df5      0x73f build/cooja/mtype398.a(uip-icmp6.o)
                0x0000000000025e6a                uip_icmp6_input
                0x0000000000025ec1                uip_icmp6_register_input_handler
                0x0000000000026014                uip_icmp6_error_output
                0x00000000000262c5                uip_icmp6_send
                0x00000000000264bc                uip_icmp6_echo_reply_callback_add
                0x00000000000264ee                uip_icmp6_echo_reply_callback_rm
                0x000000000002650b                uip_icmp6_init
 .text          0x0000000000026534      0x69b build/cooja/mtype398.a(uip-sr.o)
                0x0000000000026534                uip_sr_num_nodes
                0x00000000000265c2                uip_sr_get_node
                0x0000000000026619                uip_sr_is_addr_reachable
                0x00000000000266c7                uip_sr_expire_parent
                0x0000000000026710                uip_sr_update_node
                0x0000000000026840                uip_sr_init
                0x0000000000026874                uip_sr_node_head
                0x000000000002688d                uip_sr_node_next
                0x00000000000268a3                uip_sr_periodic
                0x00000000000269a9                uip_sr_free_all
                0x0000000000026a19                uip_sr_link_snprint
 .text          0x0000000000026bcf      0x146 build/cooja/mtype398.a(uip-packetqueue)
                0x0000000000026bfd                uip_packetqueue_new
                0x0000000000026c0c                uip_packetqueue_alloc
                0x0000000000026c67                uip_packetqueue_free
                0x0000000000026cae                uip_packetqueue_buf
                0x0000000000026ccb                uip_packetqueue_buflen
                0x0000000000026cec                uip_packetqueue_set_buflen
 .text          0x0000000000026d15      0x1b0 build/cooja/mtype398.a(rpl-nbr-policy.)
                0x0000000000026e82                rpl_nbr_policy_find_removable
 .text          0x0000000000026ec5      0x915 build/cooja/mtype398.a(rpl-neighbor.o)
                0x0000000000026f41                rpl_neighbor_snprint
                0x00000000000271f4                rpl_neighbor_print_list
                0x00000000000272a9                rpl_neighbor_count
                0x0000000000027350                rpl_neighbor_get_from_lladdr
                0x000000000002736c                rpl_neighbor_is_acceptable_parent
                0x00000000000273a0                rpl_neighbor_get_link_metric
                0x00000000000273d4                rpl_neighbor_rank_via_nbr
                0x0000000000027408                rpl_neighbor_get_lladdr
                0x0000000000027424                rpl_neighbor_get_ipaddr
                0x000000000002744b                rpl_neighbor_get_link_stats
                0x0000000000027472                rpl_neighbor_is_fresh
                0x0000000000027499                rpl_neighbor_is_reachable
                0x00000000000274e4                rpl_neighbor_is_parent
                0x000000000002750e                rpl_neighbor_set_preferred_parent
                0x00000000000275a5                rpl_neighbor_remove_all
                0x0000000000027601                rpl_neighbor_get_from_ipaddr
                0x000000000002770f                rpl_neighbor_select_best
                0x00000000000277bb                rpl_neighbor_init
 .text          0x00000000000277da      0xe69 build/cooja/mtype398.a(rpl-dag.o)
                0x00000000000277da                rpl_dag_state_to_str
                0x0000000000027819                rpl_dag_get_root_ipaddr
                0x0000000000027861                rpl_dag_leave
                0x00000000000278ea                rpl_dag_poison_and_leave
                0x0000000000027902                rpl_dag_periodic
                0x000000000002798a                rpl_is_addr_in_our_dag
                0x00000000000279ce                rpl_get_default_instance
                0x00000000000279ea                rpl_get_any_dag
                0x0000000000027a43                rpl_refresh_routes
                0x0000000000027a83                rpl_global_repair
                0x0000000000027b1c                rpl_local_repair
                0x0000000000027b66                rpl_dag_ready_to_advertise
                0x0000000000027ba9                rpl_dag_update_state
                0x00000000000282d6                rpl_process_dio
                0x0000000000028354                rpl_process_dis
                0x0000000000028399                rpl_process_dao
                0x0000000000028428                rpl_process_dao_ack
                0x00000000000284bf                rpl_process_hbh
                0x000000000002850f                rpl_dag_init_root
                0x0000000000028623                rpl_dag_init
 .text          0x0000000000028643      0x9e7 build/cooja/mtype398.a(rpl-timers.o)
                0x0000000000028643                rpl_timers_schedule_periodic_dis
                0x0000000000028791                rpl_timers_dio_reset
                0x000000000002889f                rpl_timers_schedule_unicast_dio
                0x00000000000289f3                rpl_timers_schedule_dao
                0x0000000000028ab2                rpl_timers_schedule_dao_ack
                0x0000000000028b38                rpl_timers_notify_dao_ack
                0x0000000000028b96                get_probing_delay
                0x0000000000028bca                get_probing_target
                0x0000000000028db4                rpl_schedule_probing
                0x0000000000028de2                rpl_schedule_probing_now
                0x0000000000028e4c                rpl_timers_unschedule_leaving
                0x0000000000028e84                rpl_timers_schedule_leaving
                0x0000000000028ec5                rpl_timers_init
                0x0000000000028f55                rpl_timers_stop_dag_timers
                0x0000000000028fce                rpl_timers_unschedule_state_update
                0x0000000000028ff2                rpl_timers_schedule_state_update
 .text          0x000000000002902a      0xb8e build/cooja/mtype398.a(rpl-ext-header.)
                0x000000000002902a                rpl_ext_header_srh_get_next_hop
                0x0000000000029111                rpl_ext_header_srh_update
                0x000000000002967d                rpl_ext_header_hbh_update
                0x000000000002997d                rpl_ext_header_update
                0x0000000000029a06                rpl_ext_header_remove
 .text          0x0000000000029bb8      0x31b build/cooja/mtype398.a(rpl-mrhof.o)
 *fill*         0x0000000000029ed3        0xd 
 .text          0x0000000000029ee0      0x122 /usr/lib/gcc/i686-linux-gnu/5/libgcc.a(_udivdi3.o)
                0x0000000000029ee0                __udivdi3
 .text          0x000000000002a002        0x0 /usr/lib/gcc/i686-linux-gnu/5/crtendS.o
 .text          0x000000000002a002        0x0 /usr/lib/gcc/i686-linux-gnu/5/../../../i386-linux-gnu/crtn.o
 *(.gnu.warning)

.fini           0x000000000002a004       0x14
 *(SORT(.fini))
 .fini          0x000000000002a004        0xf /usr/lib/gcc/i686-linux-gnu/5/../../../i386-linux-gnu/crti.o
                0x000000000002a004                _fini
 .fini          0x000000000002a013        0x5 /usr/lib/gcc/i686-linux-gnu/5/../../../i386-linux-gnu/crtn.o
                [!provide]                        PROVIDE (__etext, .)
                [!provide]                        PROVIDE (_etext, .)
                [!provide]                        PROVIDE (etext, .)

.rodata         0x000000000002a020      0xc6b
 *(.rodata .rodata.* .gnu.linkonce.r.*)
 .rodata        0x000000000002a020       0xb8 device.o
                0x000000000002a030                autostart_processes
 .rodata        0x000000000002a0d8        0x8 build/cooja/mtype398.a(beep.o)
                0x000000000002a0d8                beep_interface
 .rodata        0x000000000002a0e0        0xe build/cooja/mtype398.a(leds-arch.o)
                0x000000000002a0e0                leds_interface
                0x000000000002a0e8                leds_arch_leds
 *fill*         0x000000000002a0ee        0x2 
 .rodata        0x000000000002a0f0        0x8 build/cooja/mtype398.a(moteid.o)
                0x000000000002a0f0                moteid_interface
 .rodata        0x000000000002a0f8       0x1c build/cooja/mtype398.a(pir-sensor.o)
                0x000000000002a0f8                pir_interface
                0x000000000002a104                pir_sensor
 .rodata        0x000000000002a114        0xe build/cooja/mtype398.a(rs232.o)
                0x000000000002a114                rs232_interface
 *fill*         0x000000000002a122        0x2 
 .rodata        0x000000000002a124       0x24 build/cooja/mtype398.a(vib-sensor.o)
                0x000000000002a124                vib_interface
                0x000000000002a138                vib_sensor
 .rodata        0x000000000002a148        0x8 build/cooja/mtype398.a(clock.o)
                0x000000000002a148                clock_interface
 .rodata        0x000000000002a150        0x8 build/cooja/mtype398.a(cooja-log.o)
                0x000000000002a150                simlog_interface
 .rodata        0x000000000002a158       0x2f build/cooja/mtype398.a(cfs-cooja.o)
                0x000000000002a158                cfs_interface
 *fill*         0x000000000002a187       0x19 
 .rodata        0x000000000002a1a0       0xb8 build/cooja/mtype398.a(cooja-radio.o)
                0x000000000002a1a0                radio_interface
                0x000000000002a220                cooja_radio_driver
 .rodata        0x000000000002a258        0x8 build/cooja/mtype398.a(eeprom.o)
                0x000000000002a258                eeprom_interface
 .rodata        0x000000000002a260        0x8 build/cooja/mtype398.a(sensors.o)
 .rodata        0x000000000002a268       0x2c build/cooja/mtype398.a(buttons.o)
                0x000000000002a268                button_interface
                0x000000000002a27c                button_hal_button_count
                0x000000000002a284                button_sensor
 .rodata        0x000000000002a294      0x133 build/cooja/mtype398.a(roller.o)
 *fill*         0x000000000002a3c7        0x1 
 .rodata        0x000000000002a3c8      0x115 build/cooja/mtype398.a(brightness.o)
 .rodata        0x000000000002a4dd       0x41 build/cooja/mtype398.a(coap-engine.o)
 .rodata        0x000000000002a51e       0x19 build/cooja/mtype398.a(coap-res-well-k)
 .rodata        0x000000000002a537       0x11 build/cooja/mtype398.a(coap-observe.o)
 .rodata        0x000000000002a548       0x35 build/cooja/mtype398.a(coap-uip.o)
 *fill*         0x000000000002a57d        0x3 
 .rodata        0x000000000002a580      0x1ac build/cooja/mtype398.a(coap.o)
 .rodata        0x000000000002a72c       0xf4 build/cooja/mtype398.a(contiki-main.o)
 .rodata        0x000000000002a820        0xf build/cooja/mtype398.a(ctimer.o)
 *fill*         0x000000000002a82f        0x1 
 .rodata        0x000000000002a830       0xc4 build/cooja/mtype398.a(log.o)
 .rodata        0x000000000002a8f4        0xc build/cooja/mtype398.a(etimer.o)
 .rodata        0x000000000002a900       0x13 build/cooja/mtype398.a(button-hal.o)
 .rodata        0x000000000002a913        0xe build/cooja/mtype398.a(serial-line.o)
 *fill*         0x000000000002a921        0x3 
 .rodata        0x000000000002a924        0x8 build/cooja/mtype398.a(linkaddr.o)
                0x000000000002a924                linkaddr_null
 .rodata        0x000000000002a92c       0x24 build/cooja/mtype398.a(csma.o)
                0x000000000002a934                csma_driver
 .rodata        0x000000000002a950       0x27 build/cooja/mtype398.a(csma-output.o)
 *fill*         0x000000000002a977        0x1 
 .rodata        0x000000000002a978       0x4d build/cooja/mtype398.a(uip-ds6-route.o)
 .rodata        0x000000000002a9c5        0xd build/cooja/mtype398.a(tcpip.o)
 *fill*         0x000000000002a9d2        0x2 
 .rodata        0x000000000002a9d4       0x30 build/cooja/mtype398.a(sicslowpan.o)
                0x000000000002a9d4                unc_llconf
                0x000000000002a9d8                unc_ctxconf
                0x000000000002a9dc                unc_mxconf
                0x000000000002a9e0                llprefix
                0x000000000002a9f4                sicslowpan_driver
 .rodata        0x000000000002aa04       0x2d build/cooja/mtype398.a(uiplib.o)
 *fill*         0x000000000002aa31        0xf 
 .rodata        0x000000000002aa40       0x74 build/cooja/mtype398.a(rpl.o)
                0x000000000002aa60                rpl_lite_driver
 .rodata        0x000000000002aab4       0x20 build/cooja/mtype398.a(coap-timer-defa)
                0x000000000002aac8                coap_timer_default_driver
 .rodata        0x000000000002aad4       0x25 build/cooja/mtype398.a(assert.o)
 *fill*         0x000000000002aaf9        0x3 
 .rodata        0x000000000002aafc        0xc build/cooja/mtype398.a(framer-802154.o)
                0x000000000002aafc                framer_802154
 .rodata        0x000000000002ab08       0x44 build/cooja/mtype398.a(uip-sr.o)
 .rodata        0x000000000002ab4c       0x58 build/cooja/mtype398.a(rpl-neighbor.o)
 .rodata        0x000000000002aba4       0xdb build/cooja/mtype398.a(rpl-dag.o)
 .rodata        0x000000000002ac7f        0xc build/cooja/mtype398.a(rpl-timers.o)

.rodata1
 *(.rodata1)

.eh_frame_hdr   0x000000000002ac8c     0x19ec
 *(.eh_frame_hdr)
 .eh_frame_hdr  0x000000000002ac8c     0x19ec device.o
                0x000000000002ac8c                __GNU_EH_FRAME_HDR
 *(.eh_frame_entry .eh_frame_entry.*)

.eh_frame       0x000000000002c678     0x6928
 *(.eh_frame)
 .eh_frame      0x000000000002c678       0x3c /usr/lib/gcc/i686-linux-gnu/5/../../../i386-linux-gnu/crti.o
                                         0x40 (size before relaxing)
 .eh_frame      0x000000000002c6b4       0x40 device.o
                                         0x58 (size before relaxing)
 .eh_frame      0x000000000002c6f4      0x178 build/cooja/mtype398.o
                                        0x190 (size before relaxing)
 .eh_frame      0x000000000002c86c       0x40 build/cooja/mtype398.a(simEnvChange.o)
                                         0x58 (size before relaxing)
 .eh_frame      0x000000000002c8ac       0x60 build/cooja/mtype398.a(cooja_mt.o)
                                         0x78 (size before relaxing)
 .eh_frame      0x000000000002c90c       0x80 build/cooja/mtype398.a(cooja_mtarch.o)
                                         0x98 (size before relaxing)
 .eh_frame      0x000000000002c98c       0xc8 build/cooja/mtype398.a(rtimer-arch.o)
                                         0xe0 (size before relaxing)
 .eh_frame      0x000000000002ca54      0x160 build/cooja/mtype398.a(beep.o)
                                        0x178 (size before relaxing)
 .eh_frame      0x000000000002cbb4       0x80 build/cooja/mtype398.a(leds-arch.o)
                                         0x98 (size before relaxing)
 .eh_frame      0x000000000002cc34       0x40 build/cooja/mtype398.a(moteid.o)
                                         0x58 (size before relaxing)
 .eh_frame      0x000000000002cc74       0xa0 build/cooja/mtype398.a(pir-sensor.o)
                                         0xb8 (size before relaxing)
 .eh_frame      0x000000000002cd14      0x100 build/cooja/mtype398.a(rs232.o)
                                        0x118 (size before relaxing)
 .eh_frame      0x000000000002ce14       0xa0 build/cooja/mtype398.a(vib-sensor.o)
                                         0xb8 (size before relaxing)
 .eh_frame      0x000000000002ceb4       0xc0 build/cooja/mtype398.a(clock.o)
                                         0xd8 (size before relaxing)
 .eh_frame      0x000000000002cf74      0x120 build/cooja/mtype398.a(cooja-log.o)
                                        0x138 (size before relaxing)
 .eh_frame      0x000000000002d094      0x160 build/cooja/mtype398.a(cfs-cooja.o)
                                        0x178 (size before relaxing)
 .eh_frame      0x000000000002d1f4      0x340 build/cooja/mtype398.a(cooja-radio.o)
                                        0x358 (size before relaxing)
 .eh_frame      0x000000000002d534       0xa0 build/cooja/mtype398.a(eeprom.o)
                                         0xb8 (size before relaxing)
 .eh_frame      0x000000000002d5d4       0x40 build/cooja/mtype398.a(random.o)
                                         0x58 (size before relaxing)
 .eh_frame      0x000000000002d614       0xc0 build/cooja/mtype398.a(sensors.o)
                                         0xd8 (size before relaxing)
 .eh_frame      0x000000000002d6d4      0x120 build/cooja/mtype398.a(leds.o)
                                        0x138 (size before relaxing)
 .eh_frame      0x000000000002d7f4      0x220 build/cooja/mtype398.a(gpio-hal-arch.o)
                                        0x238 (size before relaxing)
 .eh_frame      0x000000000002da14       0xa0 build/cooja/mtype398.a(buttons.o)
                                         0xb8 (size before relaxing)
 .eh_frame      0x000000000002dab4       0x40 build/cooja/mtype398.a(roller.o)
                                         0x58 (size before relaxing)
 .eh_frame      0x000000000002daf4       0x60 build/cooja/mtype398.a(brightness.o)
                                         0x78 (size before relaxing)
 .eh_frame      0x000000000002db54       0x44 build/cooja/mtype398.a(coap-blocking-a)
                                         0x5c (size before relaxing)
 .eh_frame      0x000000000002db98      0x220 build/cooja/mtype398.a(coap-engine.o)
                                        0x238 (size before relaxing)
 .eh_frame      0x000000000002ddb8       0x24 build/cooja/mtype398.a(coap-res-well-k)
                                         0x3c (size before relaxing)
 .eh_frame      0x000000000002dddc      0x188 build/cooja/mtype398.a(coap-observe.o)
                                        0x1a0 (size before relaxing)
 .eh_frame      0x000000000002df64      0x250 build/cooja/mtype398.a(coap-uip.o)
                                        0x268 (size before relaxing)
 .eh_frame      0x000000000002e1b4      0x114 build/cooja/mtype398.a(coap-timer.o)
                                        0x12c (size before relaxing)
 .eh_frame      0x000000000002e2c8      0x100 build/cooja/mtype398.a(coap-transactio)
                                        0x118 (size before relaxing)
 .eh_frame      0x000000000002e3c8      0x6ec build/cooja/mtype398.a(coap.o)
                                        0x704 (size before relaxing)
 .eh_frame      0x000000000002eab4       0x30 build/cooja/mtype398.a(contiki-main.o)
                                         0x48 (size before relaxing)
 .eh_frame      0x000000000002eae4       0x40 build/cooja/mtype398.a(autostart.o)
                                         0x58 (size before relaxing)
 .eh_frame      0x000000000002eb24      0x100 build/cooja/mtype398.a(ctimer.o)
                                        0x118 (size before relaxing)
 .eh_frame      0x000000000002ec24      0x100 build/cooja/mtype398.a(log.o)
                                        0x118 (size before relaxing)
 .eh_frame      0x000000000002ed24       0x60 build/cooja/mtype398.a(energest.o)
                                         0x78 (size before relaxing)
 .eh_frame      0x000000000002ed84      0x1e0 build/cooja/mtype398.a(etimer.o)
                                        0x1f8 (size before relaxing)
 .eh_frame      0x000000000002ef64       0x20 build/cooja/mtype398.a(node-id.o)
                                         0x38 (size before relaxing)
 .eh_frame      0x000000000002ef84       0x60 build/cooja/mtype398.a(rtimer.o)
                                         0x78 (size before relaxing)
 .eh_frame      0x000000000002efe4      0x1c4 build/cooja/mtype398.a(process.o)
                                        0x1dc (size before relaxing)
 .eh_frame      0x000000000002f1a8       0xa4 build/cooja/mtype398.a(timer.o)
                                         0xbc (size before relaxing)
 .eh_frame      0x000000000002f24c      0x1a0 build/cooja/mtype398.a(list.o)
                                        0x1b8 (size before relaxing)
 .eh_frame      0x000000000002f3ec       0xa0 build/cooja/mtype398.a(memb.o)
                                         0xb8 (size before relaxing)
 .eh_frame      0x000000000002f48c      0x144 build/cooja/mtype398.a(button-hal.o)
                                        0x15c (size before relaxing)
 .eh_frame      0x000000000002f5d0       0x60 build/cooja/mtype398.a(serial-line.o)
                                         0x78 (size before relaxing)
 .eh_frame      0x000000000002f630       0xe0 build/cooja/mtype398.a(gpio-hal.o)
                                         0xf8 (size before relaxing)
 .eh_frame      0x000000000002f710      0x1a0 build/cooja/mtype398.a(queuebuf.o)
                                        0x1b8 (size before relaxing)
 .eh_frame      0x000000000002f8b0      0x28c build/cooja/mtype398.a(packetbuf.o)
                                        0x2a4 (size before relaxing)
 .eh_frame      0x000000000002fb3c       0x80 build/cooja/mtype398.a(netstack.o)
                                         0x98 (size before relaxing)
 .eh_frame      0x000000000002fbbc       0x60 build/cooja/mtype398.a(linkaddr.o)
                                         0x78 (size before relaxing)
 .eh_frame      0x000000000002fc1c       0xe0 build/cooja/mtype398.a(csma.o)
                                         0xf8 (size before relaxing)
 .eh_frame      0x000000000002fcfc      0x1d0 build/cooja/mtype398.a(csma-output.o)
                                        0x1e8 (size before relaxing)
 .eh_frame      0x000000000002fecc      0x328 build/cooja/mtype398.a(uip-ds6.o)
                                        0x340 (size before relaxing)
 .eh_frame      0x00000000000301f4       0x40 build/cooja/mtype398.a(uip-udp-packet.)
                                         0x58 (size before relaxing)
 .eh_frame      0x0000000000030234      0x220 build/cooja/mtype398.a(uip-ds6-route.o)
                                        0x238 (size before relaxing)
 .eh_frame      0x0000000000030454      0x244 build/cooja/mtype398.a(tcpip.o)
                                        0x25c (size before relaxing)
 .eh_frame      0x0000000000030698      0x1e8 build/cooja/mtype398.a(uip6.o)
                                        0x200 (size before relaxing)
 .eh_frame      0x0000000000030880      0x1c0 build/cooja/mtype398.a(uip-ds6-nbr.o)
                                        0x1d8 (size before relaxing)
 .eh_frame      0x0000000000030a40       0x84 build/cooja/mtype398.a(uip-nd6.o)
                                         0x9c (size before relaxing)
 .eh_frame      0x0000000000030ac4      0x2f8 build/cooja/mtype398.a(sicslowpan.o)
                                        0x310 (size before relaxing)
 .eh_frame      0x0000000000030dbc       0x88 build/cooja/mtype398.a(uiplib.o)
                                         0xa0 (size before relaxing)
 .eh_frame      0x0000000000030e44      0x1e0 build/cooja/mtype398.a(rpl.o)
                                        0x1f8 (size before relaxing)
 .eh_frame      0x0000000000031024      0x1c4 build/cooja/mtype398.a(rpl-icmp6.o)
                                        0x1dc (size before relaxing)
 .eh_frame      0x00000000000311e8       0xa0 build/cooja/mtype398.a(rpl-dag-root.o)
                                         0xb8 (size before relaxing)
 .eh_frame      0x0000000000031288       0xa0 build/cooja/mtype398.a(watchdog.o)
                                         0xb8 (size before relaxing)
 .eh_frame      0x0000000000031328       0x80 build/cooja/mtype398.a(int-master.o)
                                         0x98 (size before relaxing)
 .eh_frame      0x00000000000313a8       0xa4 build/cooja/mtype398.a(coap-timer-defa)
                                         0xbc (size before relaxing)
 .eh_frame      0x000000000003144c       0xc4 build/cooja/mtype398.a(stimer.o)
                                         0xdc (size before relaxing)
 .eh_frame      0x0000000000031510       0xa0 build/cooja/mtype398.a(ringbuf.o)
                                         0xb8 (size before relaxing)
 .eh_frame      0x00000000000315b0       0x20 build/cooja/mtype398.a(assert.o)
                                         0x38 (size before relaxing)
 .eh_frame      0x00000000000315d0      0x2ac build/cooja/mtype398.a(nbr-table.o)
                                        0x2c4 (size before relaxing)
 .eh_frame      0x000000000003187c      0x120 build/cooja/mtype398.a(link-stats.o)
                                        0x138 (size before relaxing)
 .eh_frame      0x000000000003199c       0x48 build/cooja/mtype398.a(mac-sequence.o)
                                         0x60 (size before relaxing)
 .eh_frame      0x00000000000319e4       0x20 build/cooja/mtype398.a(mac.o)
                                         0x38 (size before relaxing)
 .eh_frame      0x0000000000031a04       0xa4 build/cooja/mtype398.a(framer-802154.o)
                                         0xbc (size before relaxing)
 .eh_frame      0x0000000000031aa8      0x1a4 build/cooja/mtype398.a(frame802154.o)
                                        0x1bc (size before relaxing)
 .eh_frame      0x0000000000031c4c       0x40 build/cooja/mtype398.a(csma-security.o)
                                         0x58 (size before relaxing)
 .eh_frame      0x0000000000031c8c      0x200 build/cooja/mtype398.a(uipbuf.o)
                                        0x218 (size before relaxing)
 .eh_frame      0x0000000000031e8c      0x150 build/cooja/mtype398.a(uip-icmp6.o)
                                        0x168 (size before relaxing)
 .eh_frame      0x0000000000031fdc      0x184 build/cooja/mtype398.a(uip-sr.o)
                                        0x19c (size before relaxing)
 .eh_frame      0x0000000000032160       0xe0 build/cooja/mtype398.a(uip-packetqueue)
                                         0xf8 (size before relaxing)
 .eh_frame      0x0000000000032240       0x80 build/cooja/mtype398.a(rpl-nbr-policy.)
                                         0x98 (size before relaxing)
 .eh_frame      0x00000000000322c0      0x2d4 build/cooja/mtype398.a(rpl-neighbor.o)
                                        0x2ec (size before relaxing)
 .eh_frame      0x0000000000032594      0x370 build/cooja/mtype398.a(rpl-dag.o)
                                        0x388 (size before relaxing)
 .eh_frame      0x0000000000032904      0x3a8 build/cooja/mtype398.a(rpl-timers.o)
                                        0x3c0 (size before relaxing)
 .eh_frame      0x0000000000032cac      0x124 build/cooja/mtype398.a(rpl-ext-header.)
                                        0x13c (size before relaxing)
 .eh_frame      0x0000000000032dd0      0x148 build/cooja/mtype398.a(rpl-mrhof.o)
                                        0x160 (size before relaxing)
 .eh_frame      0x0000000000032f18       0x84 /usr/lib/gcc/i686-linux-gnu/5/libgcc.a(_udivdi3.o)
                                         0x9c (size before relaxing)
 .eh_frame      0x0000000000032f9c        0x4 /usr/lib/gcc/i686-linux-gnu/5/crtendS.o
 *(.eh_frame.*)

.gcc_except_table
 *(.gcc_except_table .gcc_except_table.*)

.gnu_extab
 *(.gnu_extab*)

.exception_ranges
 *(.exception_ranges .exception_ranges*)
                0x0000000000034f10                . = DATA_SEGMENT_ALIGN (0x1000, 0x1000)

.eh_frame
 *(.eh_frame)
 *(.eh_frame.*)

.gnu_extab
 *(.gnu_extab)

.gcc_except_table
 *(.gcc_except_table .gcc_except_table.*)

.exception_ranges
 *(.exception_ranges .exception_ranges*)

.tdata
 *(.tdata .tdata.* .gnu.linkonce.td.*)

.tbss
 *(.tbss .tbss.* .gnu.linkonce.tb.*)
 *(.tcommon)

.preinit_array
 *(.preinit_array)

.init_array     0x0000000000034f10        0x4
 *(SORT(.init_array.*) SORT(.ctors.*))
 *(.init_array EXCLUDE_FILE(*crtend?.o *crtend.o *crtbegin?.o *crtbegin.o) .ctors)
 .init_array    0x0000000000034f10        0x4 /usr/lib/gcc/i686-linux-gnu/5/crtbeginS.o

.fini_array     0x0000000000034f14        0x4
 *(SORT(.fini_array.*) SORT(.dtors.*))
 *(.fini_array EXCLUDE_FILE(*crtend?.o *crtend.o *crtbegin?.o *crtbegin.o) .dtors)
 .fini_array    0x0000000000034f14        0x4 /usr/lib/gcc/i686-linux-gnu/5/crtbeginS.o

.ctors
 *crtbegin.o(.ctors)
 *crtbegin?.o(.ctors)
 *(EXCLUDE_FILE(*crtend?.o *crtend.o) .ctors)
 *(SORT(.ctors.*))
 *(.ctors)

.dtors
 *crtbegin.o(.dtors)
 *crtbegin?.o(.dtors)
 *(EXCLUDE_FILE(*crtend?.o *crtend.o) .dtors)
 *(SORT(.dtors.*))
 *(.dtors)

.jcr            0x0000000000034f18        0x4
 *(.jcr)
 .jcr           0x0000000000034f18        0x0 /usr/lib/gcc/i686-linux-gnu/5/crtbeginS.o
 .jcr           0x0000000000034f18        0x4 /usr/lib/gcc/i686-linux-gnu/5/crtendS.o

.data.rel.ro
 *(.data.rel.ro.local* .gnu.linkonce.d.rel.ro.local.*)
 *(.data.rel.ro .data.rel.ro.* .gnu.linkonce.d.rel.ro.*)

.dynamic        0x0000000000034f1c       0xd0
 *(.dynamic)
 .dynamic       0x0000000000034f1c       0xd0 /usr/lib/gcc/i686-linux-gnu/5/../../../i386-linux-gnu/crti.o
                0x0000000000034f1c                _DYNAMIC

.got            0x0000000000034fec       0x14
 *(.got)
 .got           0x0000000000034fec       0x14 /usr/lib/gcc/i686-linux-gnu/5/../../../i386-linux-gnu/crti.o
 *(.igot)
                0x0000000000035ff4                . = DATA_SEGMENT_RELRO_END (., (SIZEOF (.got.plt) >= 0xc)?0xc:0x0)

.got.plt        0x0000000000035000        0xc
 *(.got.plt)
 .got.plt       0x0000000000035000        0xc /usr/lib/gcc/i686-linux-gnu/5/../../../i386-linux-gnu/crti.o
                0x0000000000035000                _GLOBAL_OFFSET_TABLE_
 *(.igot.plt)

.data           0x0000000000035020      0x4a4
 *(.data .data.* .gnu.linkonce.d.*)
 .data          0x0000000000035020        0x0 /usr/lib/gcc/i686-linux-gnu/5/../../../i386-linux-gnu/crti.o
 .data          0x0000000000035020        0x0 /usr/lib/gcc/i686-linux-gnu/5/crtbeginS.o
 .data.rel.local
                0x0000000000035020        0x4 /usr/lib/gcc/i686-linux-gnu/5/crtbeginS.o
                0x0000000000035020                __dso_handle
 .data          0x0000000000035024       0x10 device.o
                0x0000000000035024                sensor_process
 *fill*         0x0000000000035034        0xc 
 .data          0x0000000000035040       0x44 build/cooja/mtype398.o
                0x0000000000035040                simInterfaces
                0x0000000000035074                sensors
 .data          0x0000000000035084        0x0 build/cooja/mtype398.a(simEnvChange.o)
 .data          0x0000000000035084        0x0 build/cooja/mtype398.a(cooja_mt.o)
 .data          0x0000000000035084        0x0 build/cooja/mtype398.a(cooja_mtarch.o)
 .data          0x0000000000035084        0x0 build/cooja/mtype398.a(rtimer-arch.o)
 .data          0x0000000000035084        0x0 build/cooja/mtype398.a(beep.o)
 .data          0x0000000000035084        0x0 build/cooja/mtype398.a(leds-arch.o)
 .data          0x0000000000035084        0x0 build/cooja/mtype398.a(moteid.o)
 .data          0x0000000000035084        0x0 build/cooja/mtype398.a(pir-sensor.o)
 .data          0x0000000000035084        0x0 build/cooja/mtype398.a(rs232.o)
 .data          0x0000000000035084        0x0 build/cooja/mtype398.a(vib-sensor.o)
 .data          0x0000000000035084        0x0 build/cooja/mtype398.a(clock.o)
 .data          0x0000000000035084        0x0 build/cooja/mtype398.a(cooja-log.o)
 .data          0x0000000000035084        0x0 build/cooja/mtype398.a(cfs-cooja.o)
 .data          0x0000000000035084       0x2c build/cooja/mtype398.a(cooja-radio.o)
                0x0000000000035084                simRadioHWOn
                0x0000000000035088                simSignalStrength
                0x000000000003508c                simLastSignalStrength
                0x0000000000035090                simPower
                0x0000000000035094                simRadioChannel
                0x0000000000035098                simLQI
                0x00000000000350a0                cooja_radio_process
 .data          0x00000000000350b0        0x0 build/cooja/mtype398.a(eeprom.o)
 .data          0x00000000000350b0        0x0 build/cooja/mtype398.a(random.o)
 .data          0x00000000000350b0       0x10 build/cooja/mtype398.a(sensors.o)
                0x00000000000350b0                sensors_process
 .data          0x00000000000350c0        0x0 build/cooja/mtype398.a(leds.o)
 .data          0x00000000000350c0        0x0 build/cooja/mtype398.a(gpio-hal-arch.o)
 .data          0x00000000000350c0       0x78 build/cooja/mtype398.a(buttons.o)
                0x00000000000350c0                simButtonIsActive
                0x0000000000035130                button_hal_buttons
 *fill*         0x0000000000035138        0x8 
 .data          0x0000000000035140       0x24 build/cooja/mtype398.a(roller.o)
                0x0000000000035140                roller
 *fill*         0x0000000000035164       0x1c 
 .data          0x0000000000035180       0x44 build/cooja/mtype398.a(brightness.o)
                0x00000000000351a0                brightness
 .data          0x00000000000351c4        0x0 build/cooja/mtype398.a(coap-blocking-a)
 .data          0x00000000000351c4        0x8 build/cooja/mtype398.a(coap-engine.o)
 *fill*         0x00000000000351cc       0x14 
 .data          0x00000000000351e0       0x24 build/cooja/mtype398.a(coap-res-well-k)
                0x00000000000351e0                res_well_known_core
 .data          0x0000000000035204       0x10 build/cooja/mtype398.a(coap-observe.o)
 .data          0x0000000000035214       0x10 build/cooja/mtype398.a(coap-uip.o)
                0x0000000000035214                coap_engine
 .data          0x0000000000035224        0x4 build/cooja/mtype398.a(coap-timer.o)
 .data          0x0000000000035228       0x10 build/cooja/mtype398.a(coap-transactio)
 .data          0x0000000000035238        0x4 build/cooja/mtype398.a(coap.o)
                0x0000000000035238                coap_error_message
 .data          0x000000000003523c        0x0 build/cooja/mtype398.a(contiki-main.o)
 .data          0x000000000003523c        0x0 build/cooja/mtype398.a(autostart.o)
 .data          0x000000000003523c       0x14 build/cooja/mtype398.a(ctimer.o)
                0x0000000000035240                ctimer_process
 *fill*         0x0000000000035250       0x10 
 .data          0x0000000000035260       0xbc build/cooja/mtype398.a(log.o)
                0x0000000000035260                curr_log_level_main
                0x0000000000035280                all_modules
 .data          0x000000000003531c        0x0 build/cooja/mtype398.a(energest.o)
 .data          0x000000000003531c       0x10 build/cooja/mtype398.a(etimer.o)
                0x000000000003531c                etimer_process
 .data          0x000000000003532c        0x0 build/cooja/mtype398.a(node-id.o)
 .data          0x000000000003532c        0x0 build/cooja/mtype398.a(rtimer.o)
 .data          0x000000000003532c        0x0 build/cooja/mtype398.a(process.o)
 .data          0x000000000003532c        0x0 build/cooja/mtype398.a(timer.o)
 .data          0x000000000003532c        0x0 build/cooja/mtype398.a(list.o)
 .data          0x000000000003532c        0x0 build/cooja/mtype398.a(memb.o)
 .data          0x000000000003532c       0x10 build/cooja/mtype398.a(button-hal.o)
                0x000000000003532c                button_hal_process
 .data          0x000000000003533c       0x10 build/cooja/mtype398.a(serial-line.o)
                0x000000000003533c                serial_line_process
 .data          0x000000000003534c        0x4 build/cooja/mtype398.a(gpio-hal.o)
 .data          0x0000000000035350       0x18 build/cooja/mtype398.a(queuebuf.o)
 .data          0x0000000000035368        0x4 build/cooja/mtype398.a(packetbuf.o)
 .data          0x000000000003536c        0x4 build/cooja/mtype398.a(netstack.o)
 .data          0x0000000000035370        0x0 build/cooja/mtype398.a(linkaddr.o)
 .data          0x0000000000035370        0x0 build/cooja/mtype398.a(csma.o)
 .data          0x0000000000035370       0x28 build/cooja/mtype398.a(csma-output.o)
 .data          0x0000000000035398        0x0 build/cooja/mtype398.a(uip-ds6.o)
 .data          0x0000000000035398        0x0 build/cooja/mtype398.a(uip-udp-packet.)
 .data          0x0000000000035398       0x10 build/cooja/mtype398.a(uip-ds6-route.o)
 .data          0x00000000000353a8       0x10 build/cooja/mtype398.a(tcpip.o)
                0x00000000000353a8                tcpip_process
 .data          0x00000000000353b8        0x0 build/cooja/mtype398.a(uip6.o)
 .data          0x00000000000353b8       0x14 build/cooja/mtype398.a(uip-ds6-nbr.o)
 .data          0x00000000000353cc        0xc build/cooja/mtype398.a(uip-nd6.o)
 .data          0x00000000000353d8        0x0 build/cooja/mtype398.a(sicslowpan.o)
 .data          0x00000000000353d8        0x0 build/cooja/mtype398.a(uiplib.o)
 .data          0x00000000000353d8        0x0 build/cooja/mtype398.a(rpl.o)
 .data          0x00000000000353d8       0x30 build/cooja/mtype398.a(rpl-icmp6.o)
 .data          0x0000000000035408        0x0 build/cooja/mtype398.a(rpl-dag-root.o)
 .data          0x0000000000035408        0x0 build/cooja/mtype398.a(watchdog.o)
 .data          0x0000000000035408        0x0 build/cooja/mtype398.a(int-master.o)
 .data          0x0000000000035408       0x10 build/cooja/mtype398.a(coap-timer-defa)
                0x0000000000035408                coap_timer_process
 .data          0x0000000000035418        0x0 build/cooja/mtype398.a(stimer.o)
 .data          0x0000000000035418        0x0 build/cooja/mtype398.a(ringbuf.o)
 .data          0x0000000000035418        0x0 build/cooja/mtype398.a(assert.o)
 .data          0x0000000000035418       0x10 build/cooja/mtype398.a(nbr-table.o)
 .data          0x0000000000035428       0x14 build/cooja/mtype398.a(link-stats.o)
 .data          0x000000000003543c        0x0 build/cooja/mtype398.a(mac-sequence.o)
 .data          0x000000000003543c        0x0 build/cooja/mtype398.a(mac.o)
 .data          0x000000000003543c        0x0 build/cooja/mtype398.a(framer-802154.o)
 .data          0x000000000003543c        0x2 build/cooja/mtype398.a(frame802154.o)
 .data          0x000000000003543e        0x0 build/cooja/mtype398.a(csma-security.o)
 .data          0x000000000003543e        0x0 build/cooja/mtype398.a(uipbuf.o)
 *fill*         0x000000000003543e        0x2 
 .data          0x0000000000035440       0x20 build/cooja/mtype398.a(uip-icmp6.o)
 .data          0x0000000000035460       0x10 build/cooja/mtype398.a(uip-sr.o)
 .data          0x0000000000035470        0xc build/cooja/mtype398.a(uip-packetqueue)
 .data          0x000000000003547c        0x0 build/cooja/mtype398.a(rpl-nbr-policy.)
 .data          0x000000000003547c       0x14 build/cooja/mtype398.a(rpl-neighbor.o)
                0x000000000003548c                rpl_neighbors
 .data          0x0000000000035490        0x0 build/cooja/mtype398.a(rpl-dag.o)
 .data          0x0000000000035490        0x0 build/cooja/mtype398.a(rpl-timers.o)
 .data          0x0000000000035490        0x0 build/cooja/mtype398.a(rpl-ext-header.)
 *fill*         0x0000000000035490       0x10 
 .data          0x00000000000354a0       0x24 build/cooja/mtype398.a(rpl-mrhof.o)
                0x00000000000354a0                rpl_mrhof
 .data          0x00000000000354c4        0x0 /usr/lib/gcc/i686-linux-gnu/5/libgcc.a(_udivdi3.o)
 .data          0x00000000000354c4        0x0 /usr/lib/gcc/i686-linux-gnu/5/crtendS.o
 .data          0x00000000000354c4        0x0 /usr/lib/gcc/i686-linux-gnu/5/../../../i386-linux-gnu/crtn.o

.tm_clone_table
                0x00000000000354c4        0x0
 .tm_clone_table
                0x00000000000354c4        0x0 /usr/lib/gcc/i686-linux-gnu/5/crtbeginS.o
 .tm_clone_table
                0x00000000000354c4        0x0 /usr/lib/gcc/i686-linux-gnu/5/crtendS.o

.data1
 *(.data1)
                0x00000000000354c4                _edata = .
                [!provide]                        PROVIDE (edata, .)
                0x00000000000354c4                . = .
                0x00000000000354c4                __bss_start = .

.bss            0x00000000000354e0    0x13fc4
 *(.dynbss)
 .dynbss        0x00000000000354e0        0x0 /usr/lib/gcc/i686-linux-gnu/5/../../../i386-linux-gnu/crti.o
 *(.bss .bss.* .gnu.linkonce.b.*)
 .bss           0x00000000000354e0        0x0 /usr/lib/gcc/i686-linux-gnu/5/../../../i386-linux-gnu/crti.o
 .bss           0x00000000000354e0        0x1 /usr/lib/gcc/i686-linux-gnu/5/crtbeginS.o
 *fill*         0x00000000000354e1       0x1f 
 .bss           0x0000000000035500      0x16c device.o
                0x0000000000035500                registered
 *fill*         0x000000000003566c       0x14 
 .bss           0x0000000000035680     0x2030 build/cooja/mtype398.o
 .bss           0x00000000000376b0        0x1 build/cooja/mtype398.a(simEnvChange.o)
                0x00000000000376b0                simDontFallAsleep
 *fill*         0x00000000000376b1        0x3 
 .bss           0x00000000000376b4        0x4 build/cooja/mtype398.a(cooja_mt.o)
 .bss           0x00000000000376b8        0x4 build/cooja/mtype398.a(cooja_mtarch.o)
 .bss           0x00000000000376bc        0x0 build/cooja/mtype398.a(rtimer-arch.o)
 .bss           0x00000000000376bc        0x0 build/cooja/mtype398.a(beep.o)
 .bss           0x00000000000376bc        0x1 build/cooja/mtype398.a(leds-arch.o)
                0x00000000000376bc                simLedsValue
 .bss           0x00000000000376bd        0x0 build/cooja/mtype398.a(moteid.o)
 .bss           0x00000000000376bd        0x1 build/cooja/mtype398.a(pir-sensor.o)
                0x00000000000376bd                simPirValue
 *fill*         0x00000000000376be        0x2 
 .bss           0x00000000000376c0        0x4 build/cooja/mtype398.a(rs232.o)
 .bss           0x00000000000376c4        0x1 build/cooja/mtype398.a(vib-sensor.o)
                0x00000000000376c4                simVibValue
 .bss           0x00000000000376c5        0x0 build/cooja/mtype398.a(clock.o)
 *fill*         0x00000000000376c5       0x1b 
 .bss           0x00000000000376e0     0x2020 build/cooja/mtype398.a(cooja-log.o)
 .bss           0x0000000000039700      0xfc0 build/cooja/mtype398.a(cfs-cooja.o)
                0x0000000000039700                simCFSData
                0x000000000003a6a0                simCFSSize
                0x000000000003a6a4                simCFSChanged
                0x000000000003a6a8                simCFSRead
                0x000000000003a6ac                simCFSWritten
 .bss           0x000000000003a6c0       0x24 build/cooja/mtype398.a(cooja-radio.o)
                0x000000000003a6c0                simReceiving
                0x000000000003a6c4                simInSize
                0x000000000003a6c8                simLastPacketTimestamp
                0x000000000003a6d0                simOutSize
 .bss           0x000000000003a6e4        0xc build/cooja/mtype398.a(eeprom.o)
                0x000000000003a6e4                simEEPROMChanged
                0x000000000003a6e8                simEEPROMRead
                0x000000000003a6ec                simEEPROMWritten
 .bss           0x000000000003a6f0        0x0 build/cooja/mtype398.a(random.o)
 .bss           0x000000000003a6f0        0xc build/cooja/mtype398.a(sensors.o)
 .bss           0x000000000003a6fc        0x0 build/cooja/mtype398.a(leds.o)
 .bss           0x000000000003a6fc       0x24 build/cooja/mtype398.a(gpio-hal-arch.o)
 .bss           0x000000000003a720        0x0 build/cooja/mtype398.a(buttons.o)
 .bss           0x000000000003a720        0x1 build/cooja/mtype398.a(roller.o)
                0x000000000003a720                roller_state
 *fill*         0x000000000003a721        0x3 
 .bss           0x000000000003a724        0x4 build/cooja/mtype398.a(brightness.o)
 .bss           0x000000000003a728        0x0 build/cooja/mtype398.a(coap-blocking-a)
 *fill*         0x000000000003a728       0x18 
 .bss           0x000000000003a740      0x190 build/cooja/mtype398.a(coap-engine.o)
 .bss           0x000000000003a8d0        0x0 build/cooja/mtype398.a(coap-res-well-k)
 *fill*         0x000000000003a8d0       0x10 
 .bss           0x000000000003a8e0      0x120 build/cooja/mtype398.a(coap-observe.o)
 .bss           0x000000000003aa00       0x18 build/cooja/mtype398.a(coap-uip.o)
 .bss           0x000000000003aa18        0x5 build/cooja/mtype398.a(coap-timer.o)
 *fill*         0x000000000003aa1d        0x3 
 .bss           0x000000000003aa20      0x334 build/cooja/mtype398.a(coap-transactio)
 .bss           0x000000000003ad54        0x6 build/cooja/mtype398.a(coap.o)
                0x000000000003ad54                coap_status_code
 .bss           0x000000000003ad5a        0x0 build/cooja/mtype398.a(contiki-main.o)
 .bss           0x000000000003ad5a        0x0 build/cooja/mtype398.a(autostart.o)
 *fill*         0x000000000003ad5a        0x2 
 .bss           0x000000000003ad5c        0x5 build/cooja/mtype398.a(ctimer.o)
 *fill*         0x000000000003ad61        0x3 
 .bss           0x000000000003ad64       0x2c build/cooja/mtype398.a(log.o)
                0x000000000003ad64                curr_log_level_rpl
                0x000000000003ad68                curr_log_level_tcpip
                0x000000000003ad6c                curr_log_level_ipv6
                0x000000000003ad70                curr_log_level_6lowpan
                0x000000000003ad74                curr_log_level_nullnet
                0x000000000003ad78                curr_log_level_mac
                0x000000000003ad7c                curr_log_level_framer
                0x000000000003ad80                curr_log_level_6top
                0x000000000003ad84                curr_log_level_coap
                0x000000000003ad88                curr_log_level_snmp
                0x000000000003ad8c                curr_log_level_lwm2m
 .bss           0x000000000003ad90        0x0 build/cooja/mtype398.a(energest.o)
 .bss           0x000000000003ad90        0x8 build/cooja/mtype398.a(etimer.o)
 .bss           0x000000000003ad98        0x2 build/cooja/mtype398.a(node-id.o)
                0x000000000003ad98                node_id
 *fill*         0x000000000003ad9a        0x2 
 .bss           0x000000000003ad9c        0x4 build/cooja/mtype398.a(rtimer.o)
 .bss           0x000000000003ada0      0x1a1 build/cooja/mtype398.a(process.o)
                0x000000000003ada0                process_list
                0x000000000003ada4                process_current
 .bss           0x000000000003af41        0x0 build/cooja/mtype398.a(timer.o)
 .bss           0x000000000003af41        0x0 build/cooja/mtype398.a(list.o)
 .bss           0x000000000003af41        0x0 build/cooja/mtype398.a(memb.o)
 *fill*         0x000000000003af41        0x3 
 .bss           0x000000000003af44       0x10 build/cooja/mtype398.a(button-hal.o)
 *fill*         0x000000000003af54        0xc 
 .bss           0x000000000003af60      0x140 build/cooja/mtype398.a(serial-line.o)
 .bss           0x000000000003b0a0        0x4 build/cooja/mtype398.a(gpio-hal.o)
 *fill*         0x000000000003b0a4       0x1c 
 .bss           0x000000000003b0c0     0x2c80 build/cooja/mtype398.a(queuebuf.o)
 .bss           0x000000000003dd40       0xa0 build/cooja/mtype398.a(packetbuf.o)
 .bss           0x000000000003dde0        0x4 build/cooja/mtype398.a(netstack.o)
 .bss           0x000000000003dde4        0x0 build/cooja/mtype398.a(linkaddr.o)
 .bss           0x000000000003dde4        0x0 build/cooja/mtype398.a(csma.o)
 *fill*         0x000000000003dde4       0x1c 
 .bss           0x000000000003de00      0x726 build/cooja/mtype398.a(csma-output.o)
 *fill*         0x000000000003e526        0x2 
 .bss           0x000000000003e528       0x30 build/cooja/mtype398.a(uip-ds6.o)
 .bss           0x000000000003e558        0x0 build/cooja/mtype398.a(uip-udp-packet.)
 *fill*         0x000000000003e558        0x8 
 .bss           0x000000000003e560       0x60 build/cooja/mtype398.a(uip-ds6-route.o)
 .bss           0x000000000003e5c0       0x10 build/cooja/mtype398.a(tcpip.o)
 .bss           0x000000000003e5d0        0x8 build/cooja/mtype398.a(uip6.o)
                0x000000000003e5d0                uip_ext_bitmap
                0x000000000003e5d2                uip_ext_len
                0x000000000003e5d4                uip_last_proto